// Jest Snapshot v1, https://goo.gl/fbAQLP

exports[`Renders MonthlyCardReportLegend  component and match to previously snapshot 1`] = `
<div
  className="makeStyles-root-1"
>
  <Styled(MuiBox)
    display="flex"
    flexDirection="column"
    justifyContent="space-between"
  >
    <FormRow
      color="#52A9F4"
      denominator={110}
      key="Operações Comuns"
      label="Operações Comuns"
      value={10}
    />
    <FormRow
      color="#71D3DE"
      denominator={110}
      key="Day Trade"
      label="Day Trade"
      value={100}
    />
  </Styled(MuiBox)>
</div>
`;
